/usr/local/lib/python3.12/dist-packages/torch/cuda/__init__.py:61: FutureWarning: The pynvml package is deprecated. Please install nvidia-ml-py instead. If you did not install pynvml directly, please report this to the maintainers of the package that installed pynvml for you.
  import pynvml  # type: ignore[import]
W0903 07:43:07.186000 2531173 torch/distributed/run.py:851] 
W0903 07:43:07.186000 2531173 torch/distributed/run.py:851] *****************************************
W0903 07:43:07.186000 2531173 torch/distributed/run.py:851] Setting OMP_NUM_THREADS environment variable for each process to be 1 in default, to avoid your system being overloaded, please further tune the variable for optimal performance in your application as needed. 
W0903 07:43:07.186000 2531173 torch/distributed/run.py:851] *****************************************
/usr/local/lib/python3.12/dist-packages/torch/cuda/__init__.py:61: FutureWarning: The pynvml package is deprecated. Please install nvidia-ml-py instead. If you did not install pynvml directly, please report this to the maintainers of the package that installed pynvml for you.
  import pynvml  # type: ignore[import]
/usr/local/lib/python3.12/dist-packages/torch/cuda/__init__.py:61: FutureWarning: The pynvml package is deprecated. Please install nvidia-ml-py instead. If you did not install pynvml directly, please report this to the maintainers of the package that installed pynvml for you.
  import pynvml  # type: ignore[import]
/usr/local/lib/python3.12/dist-packages/torch/cuda/__init__.py:61: FutureWarning: The pynvml package is deprecated. Please install nvidia-ml-py instead. If you did not install pynvml directly, please report this to the maintainers of the package that installed pynvml for you.
  import pynvml  # type: ignore[import]
/usr/local/lib/python3.12/dist-packages/torch/cuda/__init__.py:61: FutureWarning: The pynvml package is deprecated. Please install nvidia-ml-py instead. If you did not install pynvml directly, please report this to the maintainers of the package that installed pynvml for you.
  import pynvml  # type: ignore[import]
NCCL version 2.29.7+cuda13.2
# MoE dispatch/combine decode benchmark
# EP=4 experts=512 topk=22 hidden=1024 per_rank_cap=2 timing=graph reps=100
# impl=nvls,a2av_push,dynamic num_layers=1 device_sms=152 deepep_num_sms_sweep=[148]
/lustre/fs1/portfolios/nemotron/projects/nemotron_sw_pre/users/aditomar/a2av/MoE-comms-benchmarking/nvls/symmetric_memory.py:54: FutureWarning: `enable_symm_mem_for_group` is deprecated. There is no need to call this function anymore.
  symm_mem.enable_symm_mem_for_group(process_group.group_name)
/lustre/fs1/portfolios/nemotron/projects/nemotron_sw_pre/users/aditomar/a2av/MoE-comms-benchmarking/nvls/symmetric_memory.py:54: FutureWarning: `enable_symm_mem_for_group` is deprecated. There is no need to call this function anymore.
  symm_mem.enable_symm_mem_for_group(process_group.group_name)
/lustre/fs1/portfolios/nemotron/projects/nemotron_sw_pre/users/aditomar/a2av/MoE-comms-benchmarking/nvls/symmetric_memory.py:54: FutureWarning: `enable_symm_mem_for_group` is deprecated. There is no need to call this function anymore.
  symm_mem.enable_symm_mem_for_group(process_group.group_name)
/lustre/fs1/portfolios/nemotron/projects/nemotron_sw_pre/users/aditomar/a2av/MoE-comms-benchmarking/nvls/symmetric_memory.py:54: FutureWarning: `enable_symm_mem_for_group` is deprecated. There is no need to call this function anymore.
  symm_mem.enable_symm_mem_for_group(process_group.group_name)
/lustre/fs1/portfolios/nemotron/projects/nemotron_sw_pre/users/aditomar/a2av/MoE-comms-benchmarking/nvls/symmetric_memory.py:54: FutureWarning: `enable_symm_mem_for_group` is deprecated. There is no need to call this function anymore.
  symm_mem.enable_symm_mem_for_group(process_group.group_name)
/lustre/fs1/portfolios/nemotron/projects/nemotron_sw_pre/users/aditomar/a2av/MoE-comms-benchmarking/nvls/symmetric_memory.py:54: FutureWarning: `enable_symm_mem_for_group` is deprecated. There is no need to call this function anymore.
  symm_mem.enable_symm_mem_for_group(process_group.group_name)
/lustre/fs1/portfolios/nemotron/projects/nemotron_sw_pre/users/aditomar/a2av/MoE-comms-benchmarking/nvls/symmetric_memory.py:54: FutureWarning: `enable_symm_mem_for_group` is deprecated. There is no need to call this function anymore.
  symm_mem.enable_symm_mem_for_group(process_group.group_name)
/lustre/fs1/portfolios/nemotron/projects/nemotron_sw_pre/users/aditomar/a2av/MoE-comms-benchmarking/nvls/symmetric_memory.py:54: FutureWarning: `enable_symm_mem_for_group` is deprecated. There is no need to call this function anymore.
  symm_mem.enable_symm_mem_for_group(process_group.group_name)
  [rank0] [PASS] NVLS AGV-V gather   B=8     gathered [valid,H] == full random tensor bit-exact (hidden+routing+probs)
  [rank0] [PASS] NVLS RSV-V reduce   B=8     output == world*rsv[global_id] element-wise (bf16); local_tokens=2
  [rank0] [PASS] NVLS AGV-V gather   B=1     gathered [valid,H] == full random tensor bit-exact (hidden+routing+probs)
  [rank0] [PASS] NVLS RSV-V reduce   B=1     output == world*rsv[global_id] element-wise (bf16); local_tokens=1
  [rank0] [PASS] A2AV dispatch       B=8     routing+probs all-gathered bit-exact; hidden unicast lands at dest offsets
  [rank0] [PASS] A2AV round-trip     B=8     combine(push) == (#dest ranks)*x (bf16); local_tokens=2
  [rank0] [PASS] A2AV dispatch       B=1     routing+probs all-gathered bit-exact; hidden unicast lands at dest offsets
  [rank0] [PASS] A2AV round-trip     B=1     combine(push) == (#dest ranks)*x (bf16); local_tokens=1
  [rank0] [PASS] dynamic dispatch[AGv/RSv] B=8     hidden+routing+probs all-gathered bit-exact
  [rank0] [PASS] dynamic roundtrip[AGv/RSv] B=8     combine == (#dest ranks)*x (bf16); local_tokens=2
  [rank0] [PASS] dynamic dispatch[A2Av   ] B=8     routing+probs all-gathered; hidden unicast lands at dest offsets
  [rank0] [PASS] dynamic roundtrip[A2Av   ] B=8     combine == (#dest ranks)*x (bf16); local_tokens=2
  [rank0] [PASS] dynamic regimes agree      B=8     max|AGv-A2Av|=0.000000
  [rank0] [PASS] dynamic dispatch[AGv/RSv] B=1     hidden+routing+probs all-gathered bit-exact
  [rank0] [PASS] dynamic roundtrip[AGv/RSv] B=1     combine == (#dest ranks)*x (bf16); local_tokens=1
  [rank0] [PASS] dynamic dispatch[A2Av   ] B=1     routing+probs all-gathered; hidden unicast lands at dest offsets
  [rank0] [PASS] dynamic roundtrip[A2Av   ] B=1     combine == (#dest ranks)*x (bf16); local_tokens=1
  [rank0] [PASS] dynamic regimes agree      B=1     max|AGv-A2Av|=0.000000
  [rank0] [PASS] cross-impl [nvls=a2av_push=dynamic] B=8     n=2 max|pairwise|=0.0000 (0.00% of 15.63); vs m*x: nvls=0.0000 a2av_push=0.0000 dynamic=0.0000
  [rank0] [PASS] cross-impl [nvls=a2av_push=dynamic] B=1     n=1 max|pairwise|=0.0000 (0.00% of 15.56); vs m*x: nvls=0.0000 a2av_push=0.0000 dynamic=0.0000
# VALIDATION PASSED (all 4 ranks)
/usr/local/lib/python3.12/dist-packages/torch/cuda/__init__.py:61: FutureWarning: The pynvml package is deprecated. Please install nvidia-ml-py instead. If you did not install pynvml directly, please report this to the maintainers of the package that installed pynvml for you.
  import pynvml  # type: ignore[import]
W0903 07:43:22.036000 2530184 torch/distributed/run.py:851] 
W0903 07:43:22.036000 2530184 torch/distributed/run.py:851] *****************************************
W0903 07:43:22.036000 2530184 torch/distributed/run.py:851] Setting OMP_NUM_THREADS environment variable for each process to be 1 in default, to avoid your system being overloaded, please further tune the variable for optimal performance in your application as needed. 
W0903 07:43:22.036000 2530184 torch/distributed/run.py:851] *****************************************
/usr/local/lib/python3.12/dist-packages/torch/cuda/__init__.py:61: FutureWarning: The pynvml package is deprecated. Please install nvidia-ml-py instead. If you did not install pynvml directly, please report this to the maintainers of the package that installed pynvml for you.
  import pynvml  # type: ignore[import]
/usr/local/lib/python3.12/dist-packages/torch/cuda/__init__.py:61: FutureWarning: The pynvml package is deprecated. Please install nvidia-ml-py instead. If you did not install pynvml directly, please report this to the maintainers of the package that installed pynvml for you.
  import pynvml  # type: ignore[import]
/usr/local/lib/python3.12/dist-packages/torch/cuda/__init__.py:61: FutureWarning: The pynvml package is deprecated. Please install nvidia-ml-py instead. If you did not install pynvml directly, please report this to the maintainers of the package that installed pynvml for you.
  import pynvml  # type: ignore[import]
/usr/local/lib/python3.12/dist-packages/torch/cuda/__init__.py:61: FutureWarning: The pynvml package is deprecated. Please install nvidia-ml-py instead. If you did not install pynvml directly, please report this to the maintainers of the package that installed pynvml for you.
  import pynvml  # type: ignore[import]
NCCL version 2.29.7+cuda13.2
# MoE dispatch/combine decode benchmark
# EP=4 experts=512 topk=22 hidden=1024 per_rank_cap=8192 timing=graph reps=40
# impl=nvls,a2av_push,dynamic num_layers=88 device_sms=152 deepep_num_sms_sweep=[148]
/lustre/fs1/portfolios/nemotron/projects/nemotron_sw_pre/users/aditomar/a2av/MoE-comms-benchmarking/nvls/symmetric_memory.py:54: FutureWarning: `enable_symm_mem_for_group` is deprecated. There is no need to call this function anymore.
  symm_mem.enable_symm_mem_for_group(process_group.group_name)
/lustre/fs1/portfolios/nemotron/projects/nemotron_sw_pre/users/aditomar/a2av/MoE-comms-benchmarking/nvls/symmetric_memory.py:54: FutureWarning: `enable_symm_mem_for_group` is deprecated. There is no need to call this function anymore.
  symm_mem.enable_symm_mem_for_group(process_group.group_name)
/lustre/fs1/portfolios/nemotron/projects/nemotron_sw_pre/users/aditomar/a2av/MoE-comms-benchmarking/nvls/symmetric_memory.py:54: FutureWarning: `enable_symm_mem_for_group` is deprecated. There is no need to call this function anymore.
  symm_mem.enable_symm_mem_for_group(process_group.group_name)
/lustre/fs1/portfolios/nemotron/projects/nemotron_sw_pre/users/aditomar/a2av/MoE-comms-benchmarking/nvls/symmetric_memory.py:54: FutureWarning: `enable_symm_mem_for_group` is deprecated. There is no need to call this function anymore.
  symm_mem.enable_symm_mem_for_group(process_group.group_name)
/lustre/fs1/portfolios/nemotron/projects/nemotron_sw_pre/users/aditomar/a2av/MoE-comms-benchmarking/nvls/symmetric_memory.py:54: FutureWarning: `enable_symm_mem_for_group` is deprecated. There is no need to call this function anymore.
  symm_mem.enable_symm_mem_for_group(process_group.group_name)
/lustre/fs1/portfolios/nemotron/projects/nemotron_sw_pre/users/aditomar/a2av/MoE-comms-benchmarking/nvls/symmetric_memory.py:54: FutureWarning: `enable_symm_mem_for_group` is deprecated. There is no need to call this function anymore.
  symm_mem.enable_symm_mem_for_group(process_group.group_name)
/lustre/fs1/portfolios/nemotron/projects/nemotron_sw_pre/users/aditomar/a2av/MoE-comms-benchmarking/nvls/symmetric_memory.py:54: FutureWarning: `enable_symm_mem_for_group` is deprecated. There is no need to call this function anymore.
  symm_mem.enable_symm_mem_for_group(process_group.group_name)
/lustre/fs1/portfolios/nemotron/projects/nemotron_sw_pre/users/aditomar/a2av/MoE-comms-benchmarking/nvls/symmetric_memory.py:54: FutureWarning: `enable_symm_mem_for_group` is deprecated. There is no need to call this function anymore.
  symm_mem.enable_symm_mem_for_group(process_group.group_name)
  nvls    B=   1 sms=148 counts=[1, 0, 0, 0] decode_step(88L)=  1125.04us (per-layer= 12.78us)  [graph]
  nvls    B=  16 sms=148 counts=[4, 4, 4, 4] decode_step(88L)=  1234.54us (per-layer= 14.03us)  [graph]
  nvls    B=  64 sms=148 counts=[16, 16, 16, 16] decode_step(88L)=  1278.87us (per-layer= 14.53us)  [graph]
  nvls    B= 256 sms=148 counts=[64, 64, 64, 64] decode_step(88L)=  1344.07us (per-layer= 15.27us)  [graph]
  nvls    B= 512 sms=148 counts=[128, 128, 128, 128] decode_step(88L)=  1509.28us (per-layer= 17.15us)  [graph]
  nvls    B=1024 sms=148 counts=[256, 256, 256, 256] decode_step(88L)=  1863.53us (per-layer= 21.18us)  [graph]
  nvls    B=1280 sms=148 counts=[320, 320, 320, 320] decode_step(88L)=  2259.08us (per-layer= 25.67us)  [graph]
  nvls    B=2048 sms=148 counts=[512, 512, 512, 512] decode_step(88L)=  2799.27us (per-layer= 31.81us)  [graph]
  nvls    B=4096 sms=148 counts=[1024, 1024, 1024, 1024] decode_step(88L)=  4527.77us (per-layer= 51.45us)  [graph]
  nvls    B=8192 sms=148 counts=[2048, 2048, 2048, 2048] decode_step(88L)=  8264.54us (per-layer= 93.92us)  [graph]
  nvls    B=16384 sms=148 counts=[4096, 4096, 4096, 4096] decode_step(88L)= 15189.29us (per-layer=172.61us)  [graph]
  nvls    B=32768 sms=148 counts=[8192, 8192, 8192, 8192] decode_step(88L)= 30192.19us (per-layer=343.09us)  [graph]
  a2av_push B=   1 sms=148 counts=[1, 0, 0, 0] decode_step(88L)=  1735.10us (per-layer= 19.72us)  [graph]
  a2av_push B=  16 sms=148 counts=[4, 4, 4, 4] decode_step(88L)=  2034.01us (per-layer= 23.11us)  [graph]
  a2av_push B=  64 sms=148 counts=[16, 16, 16, 16] decode_step(88L)=  2246.29us (per-layer= 25.53us)  [graph]
  a2av_push B= 256 sms=148 counts=[64, 64, 64, 64] decode_step(88L)=  2476.04us (per-layer= 28.14us)  [graph]
  a2av_push B= 512 sms=148 counts=[128, 128, 128, 128] decode_step(88L)=  2587.38us (per-layer= 29.40us)  [graph]
  a2av_push B=1024 sms=148 counts=[256, 256, 256, 256] decode_step(88L)=  2760.24us (per-layer= 31.37us)  [graph]
  a2av_push B=1280 sms=148 counts=[320, 320, 320, 320] decode_step(88L)=  2847.81us (per-layer= 32.36us)  [graph]
  a2av_push B=2048 sms=148 counts=[512, 512, 512, 512] decode_step(88L)=  3029.88us (per-layer= 34.43us)  [graph]
  a2av_push B=4096 sms=148 counts=[1024, 1024, 1024, 1024] decode_step(88L)=  4039.70us (per-layer= 45.91us)  [graph]
  a2av_push B=8192 sms=148 counts=[2048, 2048, 2048, 2048] decode_step(88L)=  5777.66us (per-layer= 65.66us)  [graph]
  a2av_push B=16384 sms=148 counts=[4096, 4096, 4096, 4096] decode_step(88L)=  9856.30us (per-layer=112.00us)  [graph]
  a2av_push B=32768 sms=148 counts=[8192, 8192, 8192, 8192] decode_step(88L)= 17608.14us (per-layer=200.09us)  [graph]
  dynamic B=   1 sms=148 counts=[1, 0, 0, 0] decode_step(88L)=  1178.07us (per-layer= 13.39us)  [graph]
  dynamic B=  16 sms=148 counts=[4, 4, 4, 4] decode_step(88L)=  1208.02us (per-layer= 13.73us)  [graph]
  dynamic B=  64 sms=148 counts=[16, 16, 16, 16] decode_step(88L)=  1245.37us (per-layer= 14.15us)  [graph]
  dynamic B= 256 sms=148 counts=[64, 64, 64, 64] decode_step(88L)=  1355.88us (per-layer= 15.41us)  [graph]
  dynamic B= 512 sms=148 counts=[128, 128, 128, 128] decode_step(88L)=  1690.02us (per-layer= 19.20us)  [graph]
  dynamic B=1024 sms=148 counts=[256, 256, 256, 256] decode_step(88L)=  2385.48us (per-layer= 27.11us)  [graph]
  dynamic B=1280 sms=148 counts=[320, 320, 320, 320] decode_step(88L)=  2921.76us (per-layer= 33.20us)  [graph]
  dynamic B=2048 sms=148 counts=[512, 512, 512, 512] decode_step(88L)=  2874.79us (per-layer= 32.67us)  [graph]
  dynamic B=4096 sms=148 counts=[1024, 1024, 1024, 1024] decode_step(88L)=  3835.40us (per-layer= 43.58us)  [graph]
  dynamic B=8192 sms=148 counts=[2048, 2048, 2048, 2048] decode_step(88L)=  5852.68us (per-layer= 66.51us)  [graph]
  dynamic B=16384 sms=148 counts=[4096, 4096, 4096, 4096] decode_step(88L)= 10039.14us (per-layer=114.08us)  [graph]
  dynamic B=32768 sms=148 counts=[8192, 8192, 8192, 8192] decode_step(88L)= 19068.56us (per-layer=216.69us)  [graph]

# impl,global_B,num_sms,phase,latency_us,timing
nvls,1,148,decode_step,1125.036,graph
nvls,16,148,decode_step,1234.542,graph
nvls,64,148,decode_step,1278.866,graph
nvls,256,148,decode_step,1344.066,graph
nvls,512,148,decode_step,1509.280,graph
nvls,1024,148,decode_step,1863.534,graph
nvls,1280,148,decode_step,2259.079,graph
nvls,2048,148,decode_step,2799.274,graph
nvls,4096,148,decode_step,4527.770,graph
nvls,8192,148,decode_step,8264.542,graph
nvls,16384,148,decode_step,15189.290,graph
nvls,32768,148,decode_step,30192.194,graph
a2av_push,1,148,decode_step,1735.105,graph
a2av_push,16,148,decode_step,2034.010,graph
a2av_push,64,148,decode_step,2246.289,graph
a2av_push,256,148,decode_step,2476.036,graph
a2av_push,512,148,decode_step,2587.379,graph
a2av_push,1024,148,decode_step,2760.242,graph
a2av_push,1280,148,decode_step,2847.806,graph
a2av_push,2048,148,decode_step,3029.882,graph
a2av_push,4096,148,decode_step,4039.695,graph
a2av_push,8192,148,decode_step,5777.656,graph
a2av_push,16384,148,decode_step,9856.296,graph
a2av_push,32768,148,decode_step,17608.139,graph
dynamic,1,148,decode_step,1178.070,graph
dynamic,16,148,decode_step,1208.023,graph
dynamic,64,148,decode_step,1245.374,graph
dynamic,256,148,decode_step,1355.882,graph
dynamic,512,148,decode_step,1690.015,graph
dynamic,1024,148,decode_step,2385.478,graph
dynamic,1280,148,decode_step,2921.758,graph
dynamic,2048,148,decode_step,2874.789,graph
dynamic,4096,148,decode_step,3835.404,graph
dynamic,8192,148,decode_step,5852.680,graph
dynamic,16384,148,decode_step,10039.140,graph
dynamic,32768,148,decode_step,19068.556,graph
# wrote results_dynamic_fp32_v3.csv
